--- 실험 상태 체크 중 ---
--- 총 7개의 새로운 작업을 시작합니다 ---
== [GPU 0] Start: Scratch_Original on AIR ==
== [GPU 0] Done: Scratch_Original on AIR ==
== [GPU 1] Start: Scratch_Original on coin ==
== [GPU 1] Done: Scratch_Original on coin ==
== [GPU 0] Start: Scratch_Original on WID ==
== [GPU 0] Done: Scratch_Original on WID ==
== [GPU 1] Start: Scratch_Original on TEM ==
== [GPU 1] Done: Scratch_Original on TEM ==
== [GPU 0] Start: Scratch_Original on SOL ==
== [GPU 0] Done: Scratch_Original on SOL ==
== [GPU 1] Start: Scratch_Original on MET ==
== [GPU 1] Done: Scratch_Original on MET ==
== [GPU 0] Start: Scratch_Original on ELE ==
== [GPU 0] Done: Scratch_Original on ELE ==
모든 실험이 종료되었습니다.
Traceback (most recent call last):
  File "/root/TSTF/torch/Scratch_Original.py", line 9, in <module>
    from transformers import PatchTSTConfig, PatchTSTForPrediction
ModuleNotFoundError: No module named 'transformers'
Backbone Architecture is succesfully generated.
Start to training with SMAPE.
Epoch 1/2000 | Train Loss: 137.553529		 Val Loss: 137.457016
Epoch 2/2000 | Train Loss: 126.513949		 Val Loss: 130.651794
Epoch 3/2000 | Train Loss: 123.701187		 Val Loss: 130.582397
Epoch 4/2000 | Train Loss: 122.121130		 Val Loss: 128.560028
Epoch 5/2000 | Train Loss: 121.488610		 Val Loss: 128.116592
Epoch 6/2000 | Train Loss: 121.400009		 Val Loss: 128.495407
Epoch 7/2000 | Train Loss: 122.862461		 Val Loss: 128.225327
Epoch 8/2000 | Train Loss: 122.822313		 Val Loss: 129.037384
Epoch 9/2000 | Train Loss: 122.396927		 Val Loss: 127.875580
Epoch 10/2000 | Train Loss: 122.256669		 Val Loss: 129.809616
Epoch 11/2000 | Train Loss: 122.833824		 Val Loss: 128.249863
Epoch 12/2000 | Train Loss: 121.603711		 Val Loss: 128.041626
Epoch 13/2000 | Train Loss: 121.114293		 Val Loss: 128.386581
Epoch 14/2000 | Train Loss: 121.208847		 Val Loss: 128.672485
Epoch 15/2000 | Train Loss: 121.302794		 Val Loss: 127.013145
Epoch 16/2000 | Train Loss: 121.605563		 Val Loss: 128.952240
Epoch 17/2000 | Train Loss: 121.350992		 Val Loss: 129.713760
Epoch 18/2000 | Train Loss: 120.809668		 Val Loss: 127.321129
Epoch 19/2000 | Train Loss: 121.165746		 Val Loss: 126.976547
Epoch 20/2000 | Train Loss: 120.412424		 Val Loss: 126.806717
Epoch 21/2000 | Train Loss: 121.341170		 Val Loss: 128.256516
Epoch 22/2000 | Train Loss: 120.652992		 Val Loss: 131.391373
Epoch 23/2000 | Train Loss: 121.150449		 Val Loss: 126.866684
Epoch 24/2000 | Train Loss: 120.864616		 Val Loss: 128.448761
Epoch 25/2000 | Train Loss: 119.856330		 Val Loss: 127.502258
Epoch 26/2000 | Train Loss: 119.714131		 Val Loss: 127.533455
Epoch 27/2000 | Train Loss: 119.878206		 Val Loss: 126.804924
Epoch 28/2000 | Train Loss: 120.149531		 Val Loss: 127.572556
Epoch 29/2000 | Train Loss: 120.323142		 Val Loss: 128.599350
Epoch 30/2000 | Train Loss: 119.262591		 Val Loss: 127.492149
Epoch 31/2000 | Train Loss: 120.157303		 Val Loss: 126.792297
Epoch 32/2000 | Train Loss: 119.811289		 Val Loss: 126.645584
Epoch 33/2000 | Train Loss: 120.350116		 Val Loss: 130.656158
Epoch 34/2000 | Train Loss: 120.310553		 Val Loss: 127.102127
Epoch 35/2000 | Train Loss: 119.917821		 Val Loss: 128.087555
Epoch 36/2000 | Train Loss: 119.490535		 Val Loss: 128.933517
Epoch 37/2000 | Train Loss: 119.542924		 Val Loss: 127.185822
Epoch 38/2000 | Train Loss: 119.640852		 Val Loss: 127.110481
Epoch 39/2000 | Train Loss: 119.330596		 Val Loss: 127.926147
Epoch 40/2000 | Train Loss: 118.827114		 Val Loss: 127.147102
Epoch 41/2000 | Train Loss: 118.765947		 Val Loss: 129.156403
Epoch 42/2000 | Train Loss: 119.672180		 Val Loss: 126.799797
Epoch 1/2000 | Train Loss: 138.074960		 Val Loss: 137.792084
Epoch 2/2000 | Train Loss: 129.915344		 Val Loss: 131.113281
Epoch 3/2000 | Train Loss: 126.293339		 Val Loss: 128.956055
Epoch 4/2000 | Train Loss: 125.719047		 Val Loss: 128.441025
Epoch 5/2000 | Train Loss: 125.668951		 Val Loss: 131.113724
Epoch 6/2000 | Train Loss: 125.937268		 Val Loss: 130.055618
Epoch 7/2000 | Train Loss: 125.273278		 Val Loss: 127.817055
Epoch 8/2000 | Train Loss: 124.861427		 Val Loss: 128.741989
Epoch 9/2000 | Train Loss: 125.010850		 Val Loss: 127.995171
Epoch 10/2000 | Train Loss: 125.281593		 Val Loss: 132.215851
Epoch 11/2000 | Train Loss: 125.146242		 Val Loss: 128.254868
Epoch 12/2000 | Train Loss: 124.569244		 Val Loss: 130.781219
Epoch 13/2000 | Train Loss: 124.268800		 Val Loss: 128.117706
Epoch 14/2000 | Train Loss: 124.155450		 Val Loss: 127.097244
Epoch 15/2000 | Train Loss: 124.257445		 Val Loss: 127.886612
Epoch 16/2000 | Train Loss: 124.263340		 Val Loss: 128.037994
Epoch 17/2000 | Train Loss: 123.732703		 Val Loss: 127.865616
Epoch 18/2000 | Train Loss: 123.792075		 Val Loss: 128.727005
